       0       2      11 tests/inputs/one_line_and_no_new_line_byte.txt
