       3       6      29 tests/inputs/three_lines.txt
