       1       4      17 tests/inputs/two_lines.txt
       3       6      29 tests/inputs/three_lines.txt
       4      10      46 total
