       1       4      17 tests/inputs/two_lines.txt
